https://github.com/Jayanthasb/NumberGameJenkins.git

commands & responses;
>>>>>>install git and config username and email

Jayantha@DESKTOP-5CTMGS3 MINGW64 ~
$ git config --global user.name "jayanthasb"

Jayantha@DESKTOP-5CTMGS3 MINGW64 ~
$ git config user.name
jayanthasb

Jayantha@DESKTOP-5CTMGS3 MINGW64 ~
$ git config --global user.email jayanthasb@gmail.com

Jayantha@DESKTOP-5CTMGS3 MINGW64 ~
$ git config user.email
jayanthasb@gmail.com

Jayantha@DESKTOP-5CTMGS3 MINGW64 ~
$ git config --list
diff.astextplain.textconv=astextplain
filter.lfs.clean=git-lfs clean -- %f
filter.lfs.smudge=git-lfs smudge -- %f
filter.lfs.process=git-lfs filter-process
filter.lfs.required=true
http.sslbackend=openssl
http.sslcainfo=C:/Program Files/Git/mingw64/ssl/certs/ca-bundle.crt
core.autocrlf=true
core.fscache=true
core.symlinks=false
pull.rebase=false
credential.helper=manager-core
credential.https://dev.azure.com.usehttppath=true
init.defaultbranch=master
user.name=jayanthasb
user.email=jayanthasb@gmail.com

>>>>>>>
create a local repository
Jayantha@DESKTOP-5CTMGS3 MINGW64 ~
$ cd D:

Jayantha@DESKTOP-5CTMGS3 MINGW64 /d
$ pwd
/d

Jayantha@DESKTOP-5CTMGS3 MINGW64 /d
$ cd udemy

Jayantha@DESKTOP-5CTMGS3 MINGW64 /d/udemy
$ cd js



>>>>>>>>>>>stage, tracked and untracked
Jayantha@DESKTOP-5CTMGS3 MINGW64 /d/udemy/js/Exp/05-Guess-My-Number (master)
$ git status
On branch master

No commits yet

Untracked files:
  (use "git add <file>..." to include in what will be committed)
        .prettierrc
        Git.txt
        final/
        index.html
        script.js
        style.css

nothing added to commit but untracked files present (use "git add" to track)

Jayantha@DESKTOP-5CTMGS3 MINGW64 /d/udemy/js/Exp/05-Guess-My-Number (master)
$ git add index.html
warning: in the working copy of 'index.html', LF will be replaced by CRLF the next time Git touches it

Jayantha@DESKTOP-5CTMGS3 MINGW64 /d/udemy/js/Exp/05-Guess-My-Number (master)
$ git add index.html

Jayantha@DESKTOP-5CTMGS3 MINGW64 /d/udemy/js/Exp/05-Guess-My-Number (master)
$ git add script.js
warning: in the working copy of 'script.js', LF will be replaced by CRLF the next time Git touches it

Jayantha@DESKTOP-5CTMGS3 MINGW64 /d/udemy/js/Exp/05-Guess-My-Number (master)
$ git add style.css
warning: in the working copy of 'style.css', LF will be replaced by CRLF the next time Git touches it

Jayantha@DESKTOP-5CTMGS3 MINGW64 /d/udemy/js/Exp/05-Guess-My-Number (master)
$ git add .prettierrc
warning: in the working copy of '.prettierrc', LF will be replaced by CRLF the next time Git touches it

Jayantha@DESKTOP-5CTMGS3 MINGW64 /d/udemy/js/Exp/05-Guess-My-Number (master)
$ git status
On branch master

>>>>>>>>>>>>>
git diff filename

git checout to discard changes to a file

$ git remote -v to check remote repo

to add remote repo

$ git remote add origin "https://github.com/Jayanthasb/NumberGameJenkins.git"


